============================= test session starts =============================
platform win32 -- Python 3.12.0, pytest-9.0.1, pluggy-1.6.0 -- C:\Users\Aseuro\Downloads\HandwrittenFormAI\HandwrittenFormAI\backend\venv312\Scripts\python.exe
cachedir: .pytest_cache
rootdir: C:\Users\Aseuro\Downloads\HandwrittenFormAI\HandwrittenFormAI
configfile: pytest.ini
plugins: base-url-2.1.0, cov-7.0.0, playwright-0.7.2
collecting ... collected 0 items / 1 error

=================================== ERRORS ====================================
__________________ ERROR collecting backend/test_example.py ___________________
backend/test_example.py::test_example: duplicate parametrization of 'browser_name'
=========================== short test summary info ===========================
ERROR test_example.py
!!!!!!!!!!!!!!!!!!! Interrupted: 1 error during collection !!!!!!!!!!!!!!!!!!!!
============================== 1 error in 0.14s ===============================
